../Core/Src/main.c:35:6:MPU6050_Init	32	static
../Core/Src/main.c:55:6:MPU6050_Read_Accel	56	static
../Core/Src/main.c:73:6:MPU6050_Read_Gyro	56	static
../Core/Src/main.c:91:6:Madgwick_Filter	136	static
../Core/Src/main.c:152:6:Euler_Conversion	32	static
../Core/Src/main.c:170:6:Serial_Send_Data	128	static
../Core/Src/main.c:181:5:main	64	static
../Core/Src/main.c:214:6:SystemClock_Config	88	static
../Core/Src/main.c:251:13:MX_I2C1_Init	8	static
../Core/Src/main.c:268:13:MX_GPIO_Init	24	static
../Core/Src/main.c:275:6:Error_Handler	4	static,ignoring_inline_asm
